
 Start  Stop   Length Name                   Class
 00000H 00328H 00329H FOTPKT_TEXT            CODE
 0032AH 064C4H 0619BH _TEXT                  CODE
 064D0H 08A6FH 025A0H EMULATOR_TEXT          CODE
 08A70H 08A70H 00000H C_ETEXT                ENDCODE
 08A70H 08AC6H 00057H FOTPKT5_DATA           FAR_DATA
 08AD0H 08C3FH 00170H EMULATOR_DATA          FAR_DATA
 08C40H 09471H 00832H ERRDIC5_DATA           FAR_DATA
 09480H 094C1H 00042H NULL                   BEGDATA
 094C2H 0A1FFH 00D3EH _DATA                  DATA
 0A200H 0A20DH 0000EH CDATA                  DATA
 0A20EH 0A20EH 00000H XIB                    DATA
 0A20EH 0A219H 0000CH XI                     DATA
 0A21AH 0A21AH 00000H XIE                    DATA
 0A21AH 0A225H 0000CH DBDATA                 DATA
 0A226H 0A226H 00000H XCB                    DATA
 0A226H 0A226H 00000H XC                     DATA
 0A226H 0A226H 00000H XCE                    DATA
 0A226H 0A226H 00000H XIFB                   DATA
 0A226H 0A226H 00000H XIF                    DATA
 0A226H 0A226H 00000H XIFE                   DATA
 0A226H 0A226H 00000H XPB                    DATA
 0A226H 0A226H 00000H XP                     DATA
 0A226H 0A226H 00000H XPE                    DATA
 0A226H 0A226H 00000H XCFB                   DATA
 0A226H 0A226H 00000H XCF                    DATA
 0A226H 0A226H 00000H XCFE                   DATA
 0A226H 0A251H 0002CH CONST                  CONST
 0A252H 0A259H 00008H HDR                    MSG
 0A25AH 0A45CH 00203H MSG                    MSG
 0A45DH 0A45EH 00002H PAD                    MSG
 0A45FH 0A45FH 00001H EPAD                   MSG
 0A460H 0A499H 0003AH _CALLTAB               CALLTAB
 0A49AH 0A8A7H 0040EH _BSS                   BSS
 0A8A8H 0A8A8H 00000H XOB                    BSS
 0A8A8H 0A927H 00080H XO                     BSS
 0A928H 0A928H 00000H XOE                    BSS
 0A930H 0B12FH 00800H STACK                  STACK

 Origin   Group
 0948:0   DGROUP

Program entry point at 0032:4D18
