
 Start  Stop   Length Name                   Class
 00000H 00E62H 00E63H BLXY_TEXT              CODE
 00E64H 068D4H 05A71H _TEXT                  CODE
 068E0H 08E7FH 025A0H EMULATOR_TEXT          CODE
 08E80H 08E80H 00000H C_ETEXT                ENDCODE
 08E80H 08E9AH 0001BH BLXY5_DATA             FAR_DATA
 08EA0H 0900FH 00170H EMULATOR_DATA          FAR_DATA
 09010H 09841H 00832H ERRDIC5_DATA           FAR_DATA
 09850H 09891H 00042H NULL                   BEGDATA
 09892H 0A8A3H 01012H _DATA                  DATA
 0A8A4H 0A8B1H 0000EH CDATA                  DATA
 0A8B2H 0A8B2H 00000H XIB                    DATA
 0A8B2H 0A8BDH 0000CH XI                     DATA
 0A8BEH 0A8BEH 00000H XIE                    DATA
 0A8BEH 0A8C9H 0000CH DBDATA                 DATA
 0A8CAH 0A8CAH 00000H XCB                    DATA
 0A8CAH 0A8CAH 00000H XC                     DATA
 0A8CAH 0A8CAH 00000H XCE                    DATA
 0A8CAH 0A8CAH 00000H XIFB                   DATA
 0A8CAH 0A8CAH 00000H XIF                    DATA
 0A8CAH 0A8CAH 00000H XIFE                   DATA
 0A8CAH 0A8CAH 00000H XPB                    DATA
 0A8CAH 0A8CAH 00000H XP                     DATA
 0A8CAH 0A8CAH 00000H XPE                    DATA
 0A8CAH 0A8CAH 00000H XCFB                   DATA
 0A8CAH 0A8CAH 00000H XCF                    DATA
 0A8CAH 0A8CAH 00000H XCFE                   DATA
 0A8CAH 0A9E5H 0011CH CONST                  CONST
 0A9E6H 0A9EDH 00008H HDR                    MSG
 0A9EEH 0ABF0H 00203H MSG                    MSG
 0ABF1H 0ABF2H 00002H PAD                    MSG
 0ABF3H 0ABF3H 00001H EPAD                   MSG
 0ABF4H 0AC2DH 0003AH _CALLTAB               CALLTAB
 0AC2EH 0AE39H 0020CH _BSS                   BSS
 0AE3AH 0AE3AH 00000H XOB                    BSS
 0AE3AH 0AEB9H 00080H XO                     BSS
 0AEBAH 0AEBAH 00000H XOE                    BSS
 0AEC0H 0B6BFH 00800H STACK                  STACK

 Origin   Group
 0985:0   DGROUP

Program entry point at 00E6:45E8
