
 Start  Stop   Length Name                   Class
 00000H 00CFDH 00CFEH L-GEO2_TEXT            CODE
 00CFEH 0676EH 05A71H _TEXT                  CODE
 06770H 08D0FH 025A0H EMULATOR_TEXT          CODE
 08D10H 08D10H 00000H C_ETEXT                ENDCODE
 08D10H 08D2AH 0001BH L-GEO25_DATA           FAR_DATA
 08D30H 08E9FH 00170H EMULATOR_DATA          FAR_DATA
 08EA0H 096D1H 00832H ERRDIC5_DATA           FAR_DATA
 096E0H 09721H 00042H NULL                   BEGDATA
 09722H 0A49DH 00D7CH _DATA                  DATA
 0A49EH 0A4ABH 0000EH CDATA                  DATA
 0A4ACH 0A4ACH 00000H XIB                    DATA
 0A4ACH 0A4B7H 0000CH XI                     DATA
 0A4B8H 0A4B8H 00000H XIE                    DATA
 0A4B8H 0A4C3H 0000CH DBDATA                 DATA
 0A4C4H 0A4C4H 00000H XCB                    DATA
 0A4C4H 0A4C4H 00000H XC                     DATA
 0A4C4H 0A4C4H 00000H XCE                    DATA
 0A4C4H 0A4C4H 00000H XIFB                   DATA
 0A4C4H 0A4C4H 00000H XIF                    DATA
 0A4C4H 0A4C4H 00000H XIFE                   DATA
 0A4C4H 0A4C4H 00000H XPB                    DATA
 0A4C4H 0A4C4H 00000H XP                     DATA
 0A4C4H 0A4C4H 00000H XPE                    DATA
 0A4C4H 0A4C4H 00000H XCFB                   DATA
 0A4C4H 0A4C4H 00000H XCF                    DATA
 0A4C4H 0A4C4H 00000H XCFE                   DATA
 0A4C4H 0A567H 000A4H CONST                  CONST
 0A568H 0A56FH 00008H HDR                    MSG
 0A570H 0A772H 00203H MSG                    MSG
 0A773H 0A774H 00002H PAD                    MSG
 0A775H 0A775H 00001H EPAD                   MSG
 0A776H 0A7AFH 0003AH _CALLTAB               CALLTAB
 0A7B0H 0A9D7H 00228H _BSS                   BSS
 0A9D8H 0A9D8H 00000H XOB                    BSS
 0A9D8H 0AA57H 00080H XO                     BSS
 0AA58H 0AA58H 00000H XOE                    BSS
 0AA60H 0B25FH 00800H STACK                  STACK

 Origin   Group
 096E:0   DGROUP

Program entry point at 00CF:45F2
